// Jest Snapshot v1, https://goo.gl/fbAQLP

exports[`auth actions testing test authTokenFlow  1`] = `
Object {
  "call": Array [
    Object {
      "@@redux-saga/IO": true,
      "CALL": Object {
        "args": Array [],
        "context": null,
        "fn": "@@redux-saga-test-plan/json/function/postTokensOSMCha",
      },
    },
    Object {
      "@@redux-saga/IO": true,
      "CALL": Object {
        "args": Array [
          "zi2Lu2r5H1z5ZTbQ2YIjZJHRnwmOHKpBfvWu83ZG",
          "C2l9h7YEC1AzSyCi1aTKmsOi0WmEU7DMolabWrPZ",
          "xbiZdWS1EYS608suvHrL",
        ],
        "context": null,
        "fn": "@@redux-saga-test-plan/json/function/postFinalTokensOSMCha",
      },
    },
    Object {
      "@@redux-saga/IO": true,
      "CALL": Object {
        "args": Array [
          "token",
          "2d2289bd78985b2b46af29607ee50fa37cb1723a",
        ],
        "context": null,
        "fn": "@@redux-saga-test-plan/json/function/setItem",
      },
    },
    Object {
      "@@redux-saga/IO": true,
      "CALL": Object {
        "args": Array [
          "oauth_token",
          "zi2Lu2r5H1z5ZTbQ2YIjZJHRnwmOHKpBfvWu83ZG",
        ],
        "context": null,
        "fn": "@@redux-saga-test-plan/json/function/setItem",
      },
    },
    Object {
      "@@redux-saga/IO": true,
      "CALL": Object {
        "args": Array [
          "oauth_token_secret",
          "C2l9h7YEC1AzSyCi1aTKmsOi0WmEU7DMolabWrPZ",
        ],
        "context": null,
        "fn": "@@redux-saga-test-plan/json/function/setItem",
      },
    },
  ],
  "put": Array [
    Object {
      "@@redux-saga/IO": true,
      "PUT": Object {
        "action": Object {
          "oauth_verifier": "xbiZdWS1EYS608suvHrL",
          "token": "2d2289bd78985b2b46af29607ee50fa37cb1723a",
          "type": "AUTH_SAVE_TOKEN",
        },
        "channel": null,
      },
    },
  ],
  "take": Array [
    Object {
      "@@redux-saga/IO": true,
      "TAKE": Object {
        "pattern": "AUTH_GET_FINAL_TOKEN",
      },
    },
  ],
}
`;
